Total Width: 1240, Total Height: 1380
Device: cuda
  training checkpoint detected; using [model_state] iter 27000 best_score 0.9742659498286823
Loaded model from: checkpoints/iter_27000_deeplabv3plus_mobilenet_custom_os16.pth
Processing BEV camera feed...

📌 Line 1: Destination Point
Point 4: x=465, y=459
Point 3: x=542, y=306
Point 2: x=504, y=153
Point 1: x=493, y=0

📌 Line 2: Current Point
Point 1: x=749, y=596

📌 Line 1: Destination Point
Point 4: x=465, y=459
Point 3: x=529, y=306
Point 2: x=528, y=153
Point 1: x=495, y=0

📌 Line 2: Current Point
Point 1: x=711, y=618

📌 Line 1: Destination Point
Point 4: x=486, y=459
Point 3: x=545, y=306
Point 2: x=527, y=153
Point 1: x=502, y=0

📌 Line 2: Current Point
Point 1: x=705, y=613

📌 Line 1: Destination Point
Point 4: x=250, y=459
Point 3: x=542, y=306
Point 2: x=533, y=153
Point 1: x=464, y=0

📌 Line 2: Current Point
Point 1: x=771, y=536

📌 Line 1: Destination Point
Point 4: x=250, y=459
Point 3: x=563, y=306
Point 2: x=568, y=153
Point 1: x=531, y=0

📌 Line 2: Current Point
Point 1: x=773, y=527

📌 Line 1: Destination Point
Point 4: x=464, y=459
Point 3: x=505, y=306
Point 2: x=519, y=153
Point 1: x=485, y=0

📌 Line 2: Current Point
Point 1: x=597, y=644

📌 Line 1: Destination Point
Point 4: x=461, y=459
Point 3: x=501, y=306
Point 2: x=523, y=153
Point 1: x=489, y=0

📌 Line 2: Current Point
Point 1: x=593, y=622

📌 Line 1: Destination Point
Point 4: x=467, y=459
Point 3: x=501, y=306
Point 2: x=521, y=153
Point 1: x=487, y=0

📌 Line 2: Current Point
Point 1: x=585, y=630

📌 Line 1: Destination Point
Point 4: x=448, y=459
Point 3: x=500, y=306
Point 2: x=533, y=153
Point 1: x=487, y=0

📌 Line 2: Current Point
Point 1: x=559, y=620

📌 Line 1: Destination Point
Point 4: x=449, y=459
Point 3: x=359, y=306
Point 2: x=483, y=153
Point 1: x=485, y=0

📌 Line 2: Current Point
Point 1: x=578, y=643

📌 Line 1: Destination Point
Point 4: x=457, y=459
Point 3: x=493, y=306
Point 2: x=489, y=153
Point 1: x=489, y=0

📌 Line 2: Current Point
Point 1: x=613, y=640

📌 Line 1: Destination Point
Point 4: x=450, y=459
Point 3: x=495, y=306
Point 2: x=500, y=153
Point 1: x=499, y=0

📌 Line 2: Current Point
Point 1: x=591, y=621

📌 Line 1: Destination Point
Point 4: x=446, y=459
Point 3: x=487, y=306
Point 2: x=534, y=153
Point 1: x=491, y=0

📌 Line 2: Current Point
Point 1: x=585, y=634

📌 Line 1: Destination Point
Point 4: x=463, y=459
Point 3: x=528, y=306
Point 2: x=527, y=153
Point 1: x=517, y=0

📌 Line 2: Current Point
Point 1: x=599, y=623

📌 Line 1: Destination Point
Point 4: x=454, y=459
Point 3: x=511, y=306
Point 2: x=518, y=153
Point 1: x=510, y=0

📌 Line 2: Current Point
Point 1: x=569, y=658

📌 Line 1: Destination Point
Point 4: x=469, y=459
Point 3: x=364, y=306
Point 2: x=517, y=153
Point 1: x=503, y=0

📌 Line 2: Current Point
Point 1: x=576, y=650

📌 Line 1: Destination Point
Point 4: x=453, y=459
Point 3: x=489, y=306
Point 2: x=541, y=153
Point 1: x=527, y=0

📌 Line 2: Current Point
Point 1: x=575, y=636

📌 Line 1: Destination Point
Point 4: x=469, y=459
Point 3: x=509, y=306
Point 2: x=496, y=153
Point 1: x=500, y=0

📌 Line 2: Current Point
Point 1: x=593, y=633

📌 Line 1: Destination Point
Point 4: x=469, y=459
Point 3: x=501, y=306
Point 2: x=532, y=153
Point 1: x=512, y=0

📌 Line 2: Current Point
Point 1: x=600, y=614

📌 Line 1: Destination Point
Point 4: x=449, y=459
Point 3: x=356, y=306
Point 2: x=504, y=153
Point 1: x=510, y=0

📌 Line 2: Current Point
Point 1: x=575, y=646

📌 Line 1: Destination Point
Point 4: x=533, y=459
Point 3: x=532, y=306
Point 2: x=536, y=153
Point 1: x=528, y=0

📌 Line 2: Current Point
Point 1: x=581, y=693

📌 Line 1: Destination Point
Point 4: x=464, y=459
Point 3: x=515, y=306
Point 2: x=526, y=153
Point 1: x=522, y=0

📌 Line 2: Current Point
Point 1: x=570, y=644

📌 Line 1: Destination Point
Point 4: x=456, y=459
Point 3: x=518, y=306
Point 2: x=505, y=153
Point 1: x=513, y=0

📌 Line 2: Current Point
Point 1: x=573, y=641

📌 Line 1: Destination Point
Point 4: x=457, y=459
Point 3: x=510, y=306
Point 2: x=524, y=153
Point 1: x=523, y=0

📌 Line 2: Current Point
Point 1: x=564, y=667

📌 Line 1: Destination Point
Point 4: x=462, y=459
Point 3: x=519, y=306
Point 2: x=534, y=153
Point 1: x=526, y=0

📌 Line 2: Current Point
Point 1: x=609, y=744

📌 Line 1: Destination Point
Point 4: x=468, y=459
Point 3: x=510, y=306
Point 2: x=544, y=153
Point 1: x=526, y=0

📌 Line 2: Current Point
Point 1: x=591, y=674

📌 Line 1: Destination Point
Point 4: x=495, y=459
Point 3: x=524, y=306
Point 2: x=539, y=153
Point 1: x=550, y=0

📌 Line 2: Current Point
Point 1: x=587, y=713

📌 Line 1: Destination Point
Point 4: x=463, y=459
Point 3: x=523, y=306
Point 2: x=558, y=153
Point 1: x=553, y=0

📌 Line 2: Current Point
Point 1: x=604, y=716

📌 Line 1: Destination Point
Point 4: x=507, y=459
Point 3: x=487, y=306
Point 2: x=447, y=153
Point 1: x=447, y=0

📌 Line 2: Current Point
Point 1: x=576, y=780

📌 Line 1: Destination Point
Point 4: x=250, y=459
Point 3: x=355, y=306
Point 2: x=250, y=153
Point 1: x=250, y=0

📌 Line 2: Current Point
Point 1: x=702, y=778

📌 Line 1: Destination Point
Point 4: x=454, y=459
Point 3: x=472, y=306
Point 2: x=492, y=153
Point 1: x=404, y=0

📌 Line 2: Current Point
Point 1: x=640, y=702

📌 Line 1: Destination Point
Point 4: x=571, y=459
Point 3: x=426, y=306
Point 2: x=250, y=153
Point 1: x=250, y=0

📌 Line 2: Current Point
Point 1: x=684, y=690

📌 Line 1: Destination Point
Point 4: x=571, y=459
Point 3: x=422, y=306
Point 2: x=250, y=153
Point 1: x=250, y=0

📌 Line 2: Current Point
Point 1: x=690, y=733

📌 Line 1: Destination Point
Point 4: x=250, y=459
Point 3: x=250, y=306
Point 2: x=250, y=153
Point 1: x=250, y=0

📌 Line 2: Current Point
Point 1: x=689, y=744

📌 Line 1: Destination Point
Point 4: x=334, y=459
Point 3: x=425, y=306
Point 2: x=498, y=153
Point 1: x=419, y=0

📌 Line 2: Current Point
Point 1: x=657, y=697

📌 Line 1: Destination Point
Point 4: x=571, y=459
Point 3: x=461, y=306
Point 2: x=424, y=153
Point 1: x=471, y=0

📌 Line 2: Current Point
Point 1: x=657, y=727

📌 Line 1: Destination Point
Point 4: x=484, y=459
Point 3: x=529, y=306
Point 2: x=250, y=153
Point 1: x=250, y=0

📌 Line 2: Current Point
Point 1: x=663, y=673

📌 Line 1: Destination Point
Point 4: x=510, y=459
Point 3: x=497, y=306
Point 2: x=467, y=153
Point 1: x=250, y=0

📌 Line 2: Current Point
Point 1: x=647, y=705

📌 Line 1: Destination Point
Point 4: x=462, y=459
Point 3: x=482, y=306
Point 2: x=584, y=153
Point 1: x=782, y=0

📌 Line 2: Current Point
Point 1: x=618, y=679

📌 Line 1: Destination Point
Point 4: x=439, y=459
Point 3: x=351, y=306
Point 2: x=495, y=153
Point 1: x=674, y=0

📌 Line 2: Current Point
Point 1: x=707, y=718

📌 Line 1: Destination Point
Point 4: x=250, y=459
Point 3: x=355, y=306
Point 2: x=250, y=153
Point 1: x=250, y=0

📌 Line 2: Current Point
Point 1: x=679, y=720

📌 Line 1: Destination Point
Point 4: x=534, y=459
Point 3: x=431, y=306
Point 2: x=250, y=153
Point 1: x=250, y=0

📌 Line 2: Current Point
Point 1: x=648, y=714

📌 Line 1: Destination Point
Point 4: x=686, y=459
Point 3: x=722, y=306
Point 2: x=748, y=153
Point 1: x=491, y=0

📌 Line 2: Current Point
Point 1: x=630, y=583

📌 Line 1: Destination Point
Point 4: x=581, y=459
Point 3: x=635, y=306
Point 2: x=396, y=153
Point 1: x=250, y=0

📌 Line 2: Current Point
Point 1: x=671, y=573

📌 Line 1: Destination Point
Point 4: x=570, y=459
Point 3: x=610, y=306
Point 2: x=513, y=153
Point 1: x=415, y=0

📌 Line 2: Current Point
Point 1: x=668, y=573

📌 Line 1: Destination Point
Point 4: x=620, y=459
Point 3: x=606, y=306
Point 2: x=502, y=153
Point 1: x=250, y=0

📌 Line 2: Current Point
Point 1: x=719, y=533

📌 Line 1: Destination Point
Point 4: x=574, y=459
Point 3: x=604, y=306
Point 2: x=456, y=153
Point 1: x=250, y=0

📌 Line 2: Current Point
Point 1: x=731, y=531

📌 Line 1: Destination Point
Point 4: x=627, y=459
Point 3: x=587, y=306
Point 2: x=499, y=153
Point 1: x=339, y=0

📌 Line 2: Current Point
Point 1: x=722, y=520

📌 Line 1: Destination Point
Point 4: x=605, y=459
Point 3: x=617, y=306
Point 2: x=510, y=153
Point 1: x=250, y=0

📌 Line 2: Current Point
Point 1: x=699, y=526

📌 Line 1: Destination Point
Point 4: x=513, y=459
Point 3: x=575, y=306
Point 2: x=448, y=153
Point 1: x=250, y=0

📌 Line 2: Current Point
Point 1: x=710, y=520

📌 Line 1: Destination Point
Point 4: x=625, y=459
Point 3: x=590, y=306
Point 2: x=518, y=153
Point 1: x=457, y=0

📌 Line 2: Current Point
Point 1: x=682, y=517

📌 Line 1: Destination Point
Point 4: x=639, y=459
Point 3: x=596, y=306
Point 2: x=441, y=153
Point 1: x=250, y=0

📌 Line 2: Current Point
Point 1: x=704, y=547

📌 Line 1: Destination Point
Point 4: x=635, y=459
Point 3: x=588, y=306
Point 2: x=441, y=153
Point 1: x=250, y=0

📌 Line 2: Current Point
Point 1: x=698, y=555

📌 Line 1: Destination Point
Point 4: x=634, y=459
Point 3: x=566, y=306
Point 2: x=446, y=153
Point 1: x=250, y=0

📌 Line 2: Current Point
Point 1: x=702, y=551

📌 Line 1: Destination Point
Point 4: x=636, y=459
Point 3: x=586, y=306
Point 2: x=442, y=153
Point 1: x=250, y=0

📌 Line 2: Current Point
Point 1: x=700, y=553

📌 Line 1: Destination Point
Point 4: x=647, y=459
Point 3: x=572, y=306
Point 2: x=444, y=153
Point 1: x=250, y=0

📌 Line 2: Current Point
Point 1: x=687, y=563

📌 Line 1: Destination Point
Point 4: x=643, y=459
Point 3: x=577, y=306
Point 2: x=362, y=153
Point 1: x=250, y=0

📌 Line 2: Current Point
Point 1: x=704, y=551

📌 Line 1: Destination Point
Point 4: x=626, y=459
Point 3: x=600, y=306
Point 2: x=349, y=153
Point 1: x=250, y=0

📌 Line 2: Current Point
Point 1: x=699, y=545

📌 Line 1: Destination Point
Point 4: x=545, y=459
Point 3: x=675, y=306
Point 2: x=526, y=153
Point 1: x=250, y=0

📌 Line 2: Current Point
Point 1: x=653, y=577

📌 Line 1: Destination Point
Point 4: x=432, y=459
Point 3: x=409, y=306
Point 2: x=524, y=153
Point 1: x=437, y=0

📌 Line 2: Current Point
Point 1: x=673, y=666

📌 Line 1: Destination Point
Point 4: x=374, y=459
Point 3: x=379, y=306
Point 2: x=250, y=153
Point 1: x=250, y=0

📌 Line 2: Current Point
Point 1: x=737, y=716

📌 Line 1: Destination Point
Point 4: x=323, y=459
Point 3: x=340, y=306
Point 2: x=442, y=153
Point 1: x=411, y=0

📌 Line 2: Current Point
Point 1: x=847, y=677

📌 Line 1: Destination Point
Point 4: x=383, y=459
Point 3: x=416, y=306
Point 2: x=479, y=153
Point 1: x=461, y=0

📌 Line 2: Current Point
Point 1: x=715, y=682

📌 Line 1: Destination Point
Point 4: x=453, y=459
Point 3: x=533, y=306
Point 2: x=675, y=153
Point 1: x=727, y=0

📌 Line 2: Current Point
Point 1: x=687, y=661

📌 Line 1: Destination Point
Point 4: x=250, y=459
Point 3: x=561, y=306
Point 2: x=250, y=153
Point 1: x=250, y=0

📌 Line 2: Current Point
Point 1: x=777, y=733

📌 Line 1: Destination Point
Point 4: x=414, y=459
Point 3: x=397, y=306
Point 2: x=486, y=153
Point 1: x=718, y=0

📌 Line 2: Current Point
Point 1: x=732, y=625

📌 Line 1: Destination Point
Point 4: x=381, y=459
Point 3: x=490, y=306
Point 2: x=497, y=153
Point 1: x=730, y=0

📌 Line 2: Current Point
Point 1: x=767, y=645

📌 Line 1: Destination Point
Point 4: x=349, y=459
Point 3: x=454, y=306
Point 2: x=490, y=153
Point 1: x=739, y=0

📌 Line 2: Current Point
Point 1: x=783, y=599

📌 Line 1: Destination Point
Point 4: x=389, y=459
Point 3: x=503, y=306
Point 2: x=537, y=153
Point 1: x=739, y=0

📌 Line 2: Current Point
Point 1: x=772, y=579

📌 Line 1: Destination Point
Point 4: x=383, y=459
Point 3: x=547, y=306
Point 2: x=569, y=153
Point 1: x=1014, y=0

📌 Line 2: Current Point
Point 1: x=747, y=576

📌 Line 1: Destination Point
Point 4: x=383, y=459
Point 3: x=483, y=306
Point 2: x=497, y=153
Point 1: x=1024, y=0

📌 Line 2: Current Point
Point 1: x=774, y=568

📌 Line 1: Destination Point
Point 4: x=352, y=459
Point 3: x=505, y=306
Point 2: x=537, y=153
Point 1: x=1043, y=0

📌 Line 2: Current Point
Point 1: x=779, y=558

📌 Line 1: Destination Point
Point 4: x=363, y=459
Point 3: x=498, y=306
Point 2: x=541, y=153
Point 1: x=1000, y=0

📌 Line 2: Current Point
Point 1: x=773, y=572

📌 Line 1: Destination Point
Point 4: x=379, y=459
Point 3: x=491, y=306
Point 2: x=523, y=153
Point 1: x=1017, y=0

📌 Line 2: Current Point
Point 1: x=779, y=582

📌 Line 1: Destination Point
Point 4: x=379, y=459
Point 3: x=494, y=306
Point 2: x=543, y=153
Point 1: x=738, y=0

📌 Line 2: Current Point
Point 1: x=776, y=565

📌 Line 1: Destination Point
Point 4: x=402, y=459
Point 3: x=500, y=306
Point 2: x=543, y=153
Point 1: x=1016, y=0

📌 Line 2: Current Point
Point 1: x=765, y=569

📌 Line 1: Destination Point
Point 4: x=419, y=459
Point 3: x=547, y=306
Point 2: x=565, y=153
Point 1: x=1018, y=0

📌 Line 2: Current Point
Point 1: x=744, y=581

📌 Line 1: Destination Point
Point 4: x=400, y=459
Point 3: x=494, y=306
Point 2: x=527, y=153
Point 1: x=1017, y=0

📌 Line 2: Current Point
Point 1: x=771, y=578

📌 Line 1: Destination Point
Point 4: x=413, y=459
Point 3: x=496, y=306
Point 2: x=535, y=153
Point 1: x=731, y=0

📌 Line 2: Current Point
Point 1: x=773, y=569

📌 Line 1: Destination Point
Point 4: x=375, y=459
Point 3: x=506, y=306
Point 2: x=562, y=153
Point 1: x=736, y=0

📌 Line 2: Current Point
Point 1: x=776, y=573

📌 Line 1: Destination Point
Point 4: x=385, y=459
Point 3: x=503, y=306
Point 2: x=547, y=153
Point 1: x=1020, y=0

📌 Line 2: Current Point
Point 1: x=765, y=565

📌 Line 1: Destination Point
Point 4: x=404, y=459
Point 3: x=518, y=306
Point 2: x=523, y=153
Point 1: x=992, y=0

📌 Line 2: Current Point
Point 1: x=749, y=585

📌 Line 1: Destination Point
Point 4: x=374, y=459
Point 3: x=498, y=306
Point 2: x=542, y=153
Point 1: x=968, y=0

📌 Line 2: Current Point
Point 1: x=766, y=571

📌 Line 1: Destination Point
Point 4: x=394, y=459
Point 3: x=500, y=306
Point 2: x=539, y=153
Point 1: x=1017, y=0

📌 Line 2: Current Point
Point 1: x=741, y=576

📌 Line 1: Destination Point
Point 4: x=358, y=459
Point 3: x=486, y=306
Point 2: x=536, y=153
Point 1: x=1014, y=0

📌 Line 2: Current Point
Point 1: x=760, y=550

📌 Line 1: Destination Point
Point 4: x=374, y=459
Point 3: x=504, y=306
Point 2: x=546, y=153
Point 1: x=1020, y=0

📌 Line 2: Current Point
Point 1: x=756, y=548

📌 Line 1: Destination Point
Point 4: x=363, y=459
Point 3: x=496, y=306
Point 2: x=568, y=153
Point 1: x=730, y=0

📌 Line 2: Current Point
Point 1: x=757, y=551

📌 Line 1: Destination Point
Point 4: x=377, y=459
Point 3: x=493, y=306
Point 2: x=565, y=153
Point 1: x=739, y=0

📌 Line 2: Current Point
Point 1: x=770, y=533

📌 Line 1: Destination Point
Point 4: x=368, y=459
Point 3: x=502, y=306
Point 2: x=557, y=153
Point 1: x=1020, y=0

📌 Line 2: Current Point
Point 1: x=772, y=550

📌 Line 1: Destination Point
Point 4: x=369, y=459
Point 3: x=515, y=306
Point 2: x=526, y=153
Point 1: x=1024, y=0

📌 Line 2: Current Point
Point 1: x=766, y=541

📌 Line 1: Destination Point
Point 4: x=391, y=459
Point 3: x=508, y=306
Point 2: x=501, y=153
Point 1: x=1024, y=0

📌 Line 2: Current Point
Point 1: x=755, y=565

📌 Line 1: Destination Point
Point 4: x=369, y=459
Point 3: x=503, y=306
Point 2: x=543, y=153
Point 1: x=1020, y=0

📌 Line 2: Current Point
Point 1: x=778, y=546

📌 Line 1: Destination Point
Point 4: x=356, y=459
Point 3: x=502, y=306
Point 2: x=542, y=153
Point 1: x=729, y=0

📌 Line 2: Current Point
Point 1: x=753, y=551

📌 Line 1: Destination Point
Point 4: x=404, y=459
Point 3: x=473, y=306
Point 2: x=557, y=153
Point 1: x=1017, y=0

📌 Line 2: Current Point
Point 1: x=771, y=546

📌 Line 1: Destination Point
Point 4: x=382, y=459
Point 3: x=505, y=306
Point 2: x=565, y=153
Point 1: x=1081, y=0

📌 Line 2: Current Point
Point 1: x=736, y=539

📌 Line 1: Destination Point
Point 4: x=371, y=459
Point 3: x=478, y=306
Point 2: x=535, y=153
Point 1: x=736, y=0
/home/inc/model/main/torchvision/torchvision/io/image.py:13: UserWarning: Failed to load image Python extension: '/home/inc/model/main/torchvision/torchvision/image.so: undefined symbol: _ZN5torch3jit17parseSchemaOrNameERKSsb'If you don't plan on using image functionality from `torchvision.io`, you can ignore this warning. Otherwise, there might be something wrong with your environment. Did you have `libjpeg` or `libpng` installed before building `torchvision` from source?
  warn(

📌 Line 2: Current Point
Point 1: x=750, y=548

📌 Line 1: Destination Point
Point 4: x=411, y=459
Point 3: x=504, y=306
Point 2: x=539, y=153
Point 1: x=738, y=0

📌 Line 2: Current Point
Point 1: x=745, y=567

📌 Line 1: Destination Point
Point 4: x=357, y=459
Point 3: x=499, y=306
Point 2: x=507, y=153
Point 1: x=737, y=0

📌 Line 2: Current Point
Point 1: x=770, y=565

📌 Line 1: Destination Point
Point 4: x=370, y=459
Point 3: x=501, y=306
Point 2: x=511, y=153
Point 1: x=737, y=0

📌 Line 2: Current Point
Point 1: x=742, y=591

📌 Line 1: Destination Point
Point 4: x=405, y=459
Point 3: x=515, y=306
Point 2: x=507, y=153
Point 1: x=972, y=0

📌 Line 2: Current Point
Point 1: x=752, y=580

📌 Line 1: Destination Point
Point 4: x=409, y=459
Point 3: x=545, y=306
Point 2: x=539, y=153
Point 1: x=738, y=0

📌 Line 2: Current Point
Point 1: x=745, y=597

📌 Line 1: Destination Point
Point 4: x=400, y=459
Point 3: x=498, y=306
Point 2: x=541, y=153
Point 1: x=1019, y=0

📌 Line 2: Current Point
Point 1: x=750, y=583

📌 Line 1: Destination Point
Point 4: x=401, y=459
Point 3: x=517, y=306
Point 2: x=489, y=153
Point 1: x=726, y=0

📌 Line 2: Current Point
Point 1: x=751, y=620

📌 Line 1: Destination Point
Point 4: x=500, y=459
Point 3: x=494, y=306
Point 2: x=546, y=153
Point 1: x=510, y=0

📌 Line 2: Current Point
Point 1: x=733, y=580

📌 Line 1: Destination Point
Point 3: x=505, y=459
Point 2: x=492, y=306
Point 1: x=537, y=153

📌 Line 2: Current Point
Point 1: x=692, y=615

📌 Line 1: Destination Point
Point 4: x=485, y=459
Point 3: x=489, y=306
Point 2: x=548, y=153
Point 1: x=508, y=0

📌 Line 2: Current Point
Point 1: x=702, y=595

📌 Line 1: Destination Point
Point 4: x=506, y=459
Point 3: x=510, y=306
Point 2: x=541, y=153
Point 1: x=502, y=0

📌 Line 2: Current Point
Point 1: x=704, y=598

📌 Line 1: Destination Point
Point 4: x=460, y=459
Point 3: x=463, y=306
Point 2: x=587, y=153
Point 1: x=490, y=0

📌 Line 2: Current Point
Point 1: x=700, y=586

📌 Line 1: Destination Point
Point 4: x=452, y=459
Point 3: x=437, y=306
Point 2: x=511, y=153
Point 1: x=728, y=0

📌 Line 2: Current Point
Point 1: x=705, y=611

📌 Line 1: Destination Point
Point 4: x=454, y=459
Point 3: x=447, y=306
Point 2: x=564, y=153
Point 1: x=732, y=0

📌 Line 2: Current Point
Point 1: x=709, y=594

📌 Line 1: Destination Point
Point 4: x=454, y=459
Point 3: x=453, y=306
Point 2: x=509, y=153
Point 1: x=732, y=0

📌 Line 2: Current Point
Point 1: x=703, y=610

📌 Line 1: Destination Point
Point 4: x=463, y=459
Point 3: x=444, y=306
Point 2: x=536, y=153
Point 1: x=729, y=0

📌 Line 2: Current Point
Point 1: x=692, y=626

📌 Line 1: Destination Point
Point 4: x=457, y=459
Point 3: x=426, y=306
Point 2: x=488, y=153
Point 1: x=728, y=0

📌 Line 2: Current Point
Point 1: x=695, y=624

📌 Line 1: Destination Point
Point 4: x=452, y=459
Point 3: x=492, y=306
Point 2: x=517, y=153
Point 1: x=734, y=0

📌 Line 2: Current Point
Point 1: x=695, y=616

📌 Line 1: Destination Point
Point 4: x=462, y=459
Point 3: x=464, y=306
Point 2: x=531, y=153
Point 1: x=731, y=0

📌 Line 2: Current Point
Point 1: x=707, y=616

📌 Line 1: Destination Point
Point 4: x=454, y=459
Point 3: x=461, y=306
Point 2: x=536, y=153
Point 1: x=729, y=0

📌 Line 2: Current Point
Point 1: x=686, y=624

📌 Line 1: Destination Point
Point 4: x=450, y=459
Point 3: x=445, y=306
Point 2: x=509, y=153
Point 1: x=1235, y=0

📌 Line 2: Current Point
Point 1: x=690, y=613

📌 Line 1: Destination Point
Point 4: x=474, y=459
Point 3: x=457, y=306
Point 2: x=512, y=153
Point 1: x=736, y=0

📌 Line 2: Current Point
Point 1: x=689, y=620

📌 Line 1: Destination Point
Point 4: x=454, y=459
Point 3: x=511, y=306
Point 2: x=517, y=153
Point 1: x=729, y=0

📌 Line 2: Current Point
Point 1: x=692, y=615

📌 Line 1: Destination Point
Point 4: x=451, y=459
Point 3: x=434, y=306
Point 2: x=538, y=153
Point 1: x=732, y=0

📌 Line 2: Current Point
Point 1: x=686, y=626

📌 Line 1: Destination Point
Point 4: x=448, y=459
Point 3: x=498, y=306
Point 2: x=537, y=153
Point 1: x=730, y=0

📌 Line 2: Current Point
Point 1: x=703, y=629

📌 Line 1: Destination Point
Point 4: x=450, y=459
Point 3: x=441, y=306
Point 2: x=506, y=153
Point 1: x=731, y=0

📌 Line 2: Current Point
Point 1: x=706, y=634

📌 Line 1: Destination Point
Point 4: x=444, y=459
Point 3: x=440, y=306
Point 2: x=539, y=153
Point 1: x=726, y=0

📌 Line 2: Current Point
Point 1: x=708, y=620

📌 Line 1: Destination Point
Point 4: x=446, y=459
Point 3: x=428, y=306
Point 2: x=510, y=153
Point 1: x=726, y=0

📌 Line 2: Current Point
Point 1: x=716, y=608

📌 Line 1: Destination Point
Point 4: x=457, y=459
Point 3: x=445, y=306
Point 2: x=564, y=153
Point 1: x=735, y=0

📌 Line 2: Current Point
Point 1: x=707, y=609

📌 Line 1: Destination Point
Point 4: x=442, y=459
Point 3: x=435, y=306
Point 2: x=562, y=153
Point 1: x=731, y=0

📌 Line 2: Current Point
Point 1: x=709, y=615
